2024-03-18 10:00:00 ERROR auth Login failed
